main.c:72:6:setTimer0	16	static
main.c:76:6:setTimer1	16	static
main.c:80:6:setTimer2	16	static
main.c:84:6:setTimer3	16	static
main.c:88:6:setTimer4	16	static
main.c:93:6:timer_run	4	static
main.c:138:5:main	8	static
main.c:261:6:SystemClock_Config	72	static
main.c:297:13:MX_TIM2_Init	32	static
main.c:342:13:MX_GPIO_Init	32	static
main.c:393:6:display7SEG	32	static
main.c:424:6:updateClockBuffer	4	static
main.c:436:6:displayMatrix	24	static
main.c:468:6:updateLEDMatrix	16	static
main.c:527:6:updateMatrixAnimation	4	static
main.c:541:6:HAL_TIM_PeriodElapsedCallback	16	static
main.c:552:6:Error_Handler	4	static,ignoring_inline_asm
