main.c:70:6:setTimer0	16	static
main.c:74:6:setTimer1	16	static
main.c:78:6:setTimer2	16	static
main.c:82:6:setTimer3	16	static
main.c:87:6:timer_run	4	static
main.c:126:5:main	8	static
main.c:244:6:SystemClock_Config	72	static
main.c:280:13:MX_TIM2_Init	32	static
main.c:325:13:MX_GPIO_Init	32	static
main.c:376:6:display7SEG	32	static
main.c:407:6:updateClockBuffer	4	static
main.c:417:6:displayMatrix	24	static
main.c:449:6:updateLEDMatrix	16	static
main.c:507:6:HAL_TIM_PeriodElapsedCallback	16	static
main.c:518:6:Error_Handler	4	static,ignoring_inline_asm
